Microchip MPLAB XC8 Compiler V2.41

Linker command line:

-W-3 \
  --edf=C:\Program Files\Microchip\xc8\v2.41\pic\dat\20230208172133_en.msgs \
  -cn -h+dist/default/production\PIC16F877A_HCSR04_capture.X.production.sym \
  --cmf=dist/default/production\PIC16F877A_HCSR04_capture.X.production.cmf \
  -z -Q16F877A -oC:\Users\84935\AppData\Local\Temp\xcAs3es.\driver_tmp_3.o \
  --defsym=__MPLAB_BUILD=1 --fixupoverflow=error \
  -Mdist/default/production/PIC16F877A_HCSR04_capture.X.production.map \
  --md=C:\Users\84935\AppData\Local\Temp\xcAs3es.\driver_tmp_0.dat -E1 \
  -ver=XC8 Compiler --acfsm=1493 -ACODE=00h-07FFhx4 -ASTRCODE=00h-01FFFh \
  -ASTRING=00h-0FFhx32 -ACONST=00h-0FFhx32 -AENTRY=00h-0FFhx32 \
  -ACOMMON=070h-07Fh -ABANK0=020h-06Fh -ABANK1=0A0h-0EFh \
  -ABANK2=0110h-016Fh -ABANK3=0190h-01EFh \
  -ARAM=020h-06Fh,0A0h-0EFh,0110h-016Fh,0190h-01EFh \
  -AABS1=020h-07Fh,0A0h-0EFh,0110h-016Fh,0190h-01EFh -ASFR0=00h-01Fh \
  -ASFR1=080h-09Fh -ASFR2=0100h-010Fh -ASFR3=0180h-018Fh \
  -ACONFIG=02007h-02007h -DCONFIG=2 -AIDLOC=02000h-02003h -DIDLOC=2 \
  -AEEDATA=00h-0FFh/02100h -peeprom_data=EEDATA -DEEDATA=2 -DCODE=2 \
  -DSTRCODE=2 -DSTRING=2 -DCONST=2 -DENTRY=2 \
  -preset_vec=00h,intentry=04h,init,end_init -ppowerup=CODE -pcinit=CODE \
  -pfunctab=ENTRY -k \
  C:\Users\84935\AppData\Local\Temp\xcAs3es.\driver_tmp_17.o \
  dist/default/production\PIC16F877A_HCSR04_capture.X.production.o 

Object code version is 3.11

Machine type is 16F877A



                Name                               Link     Load   Length Selector   Space Scale
C:\Users\84935\AppData\Local\Temp\xcAs3es.\driver_tmp_17.o
                end_init                             12       12        3        8       0
                reset_vec                             0        0        3        0       0
                config                             2007     2007        1        0       4
                idloc                              2000     2000        4        0       5
dist/default/production\PIC16F877A_HCSR04_capture.X.production.o
                cinit                                15       15       19        8       0
                intentry                              4        4        E        8       0
                config                             2007     2007        1        0       4
                idloc                              2000     2000        4        0       5
                text41                             1B03     1B03        C     3606       0
                text40                             1BA6     1BA6       21     374C       0
                text39                             1AE2     1AE2        B     35C4       0
                text38                             1130     1130      1CF     2260       0
                text37                             1C10     1C10       27     3820       0
                text36                              95C      95C      345     12B8       0
                text35                              6F5      6F5       B8        8       0
                text34                             1F6D     1F6D       93     3EDA       0
                text33                             1ABA     1ABA        7     3574       0
                text32                             1B1C     1B1C        F     3638       0
                text31                             1B3B     1B3B       12     3676       0
                text30                              7AD      7AD       50        8       0
                text29                             1B0F     1B0F        D     361E       0
                text28                             1CB5     1CB5       4E     396A       0
                text27                              803      803       A2     1006       0
                text26                             1AED     1AED        B     35DA       0
                text25                             150A     150A      2F6     2A14       0
                text24                             1BC7     1BC7       24     378E       0
                text23                             1EDF     1EDF       8E     3DBE       0
                text22                             1E12     1E12       66     3C24       0
                text21                             1D03     1D03       54     3A06       0
                text20                             1BEB     1BEB       25     37D6       0
                text19                              63D      63D       B8        8       0
                text18                              8A5      8A5       B7     114A       0
                text17                             1C71     1C71       44     38E2       0
                text16                             1C37     1C37       3A     386E       0
                text15                             12FF     12FF      20B     25FE       0
                text14                             1B4D     1B4D       12     369A       0
                text13                             1E78     1E78       67     3CF0       0
                text12                             1D57     1D57       59     3AAE       0
                text11                              CA1      CA1      35F     1942       0
                text10                               2E       2E      60F        8       0
                text9                              10BA     10BA       76     2174       0
                text8                              1B2B     1B2B       10     3656       0
                text7                              1AD0     1AD0        9     35A0       0
                text6                              1AD9     1AD9        9     35B2       0
                text5                              1B5F     1B5F       14     36BE       0
                text4                              1AC1     1AC1        7     3582       0
                text3                              1AF8     1AF8        B     35F0       0
                text2                              1DB0     1DB0       62     3B60       0
                text1                              1B73     1B73       16     36E6       0
                maintext                           1B89     1B89       1D     3712       0
                cstackBANK0                          20       20       4F       20       1
                cstackCOMMON                         70       70        E       70       1
                cstackBANK1                          A0       A0       3F       A0       1
                cstackBANK3                         1B3      1B3        4      190       1
                clrtext                            1AC8     1AC8        8     3590       0
                bssBANK3                            190      190       23      190       1
                bssBANK1                             DF       DF        F       A0       1
                bssBANK0                             6F       6F        1       20       1
                strings                            1000     1000       B6     2000       0

TOTAL           Name                               Link     Load   Length     Space
        CLASS   CODE           
                end_init                             12       12        3         0
                cinit                                15       15       19         0
                intentry                              4        4        E         0
                reset_vec                             0        0        3         0
                text41                             1B03     1B03        C         0
                text40                             1BA6     1BA6       21         0
                text39                             1AE2     1AE2        B         0
                text38                             1130     1130      1CF         0
                text37                             1C10     1C10       27         0
                text36                              95C      95C      345         0
                text35                              6F5      6F5       B8         0
                text34                             1F6D     1F6D       93         0
                text33                             1ABA     1ABA        7         0
                text32                             1B1C     1B1C        F         0
                text31                             1B3B     1B3B       12         0
                text30                              7AD      7AD       50         0
                text29                             1B0F     1B0F        D         0
                text28                             1CB5     1CB5       4E         0
                text27                              803      803       A2         0
                text26                             1AED     1AED        B         0
                text25                             150A     150A      2F6         0
                text24                             1BC7     1BC7       24         0
                text23                             1EDF     1EDF       8E         0
                text22                             1E12     1E12       66         0
                text21                             1D03     1D03       54         0
                text20                             1BEB     1BEB       25         0
                text19                              63D      63D       B8         0
                text18                              8A5      8A5       B7         0
                text17                             1C71     1C71       44         0
                text16                             1C37     1C37       3A         0
                text15                             12FF     12FF      20B         0
                text14                             1B4D     1B4D       12         0
                text13                             1E78     1E78       67         0
                text12                             1D57     1D57       59         0
                text11                              CA1      CA1      35F         0
                text10                               2E       2E      60F         0
                text9                              10BA     10BA       76         0
                text8                              1B2B     1B2B       10         0
                text7                              1AD0     1AD0        9         0
                text6                              1AD9     1AD9        9         0
                text5                              1B5F     1B5F       14         0
                text4                              1AC1     1AC1        7         0
                text3                              1AF8     1AF8        B         0
                text2                              1DB0     1DB0       62         0
                text1                              1B73     1B73       16         0
                maintext                           1B89     1B89       1D         0
                clrtext                            1AC8     1AC8        8         0

        CLASS   STRCODE        

        CLASS   STRING         
                strings                            1000     1000       B6         0

        CLASS   CONST          

        CLASS   ENTRY          

        CLASS   COMMON         
                cstackCOMMON                         70       70        E         1

        CLASS   BANK0          
                cstackBANK0                          20       20       4F         1
                bssBANK0                             6F       6F        1         1

        CLASS   BANK1          
                cstackBANK1                          A0       A0       3F         1
                bssBANK1                             DF       DF        F         1

        CLASS   BANK2          

        CLASS   BANK3          
                cstackBANK3                         1B3      1B3        4         1
                bssBANK3                            190      190       23         1

        CLASS   RAM            

        CLASS   ABS1           
                abs_s1                               7E       7E        2         1

        CLASS   SFR0           

        CLASS   SFR1           

        CLASS   SFR2           

        CLASS   SFR3           

        CLASS   CONFIG         
                config                             2007     2007        1         4

        CLASS   IDLOC          
                idloc                              2000     2000        4         5

        CLASS   EEDATA         

        CLASS   STACK          



SEGMENTS        Name                           Load    Length   Top    Selector   Space  Class     Delta

                reset_vec                      000000  000003  000003         0       0  CODE        2
                intentry                       000004  0007F9  0007FD         8       0  CODE        2
                cstackBANK0                    000020  000050  000070        20       1  BANK0       1
                cstackCOMMON                   000070  00000E  00007E        70       1  COMMON      1
                cstackBANK1                    0000A0  00004E  0000EE        A0       1  BANK1       1
                bssBANK3                       000190  000027  0001B7       190       1  BANK3       1
                text27                         000803  0000A2  0008A5      1006       0  CODE        2
                text18                         0008A5  0000B7  00095C      114A       0  CODE        2
                text36                         00095C  000345  000CA1      12B8       0  CODE        2
                text11                         000CA1  00035F  001000      1942       0  CODE        2
                strings                        001000  0000B6  0010B6      2000       0  STRING      2
                text9                          0010BA  000076  001130      2174       0  CODE        2
                text38                         001130  0001CF  0012FF      2260       0  CODE        2
                text15                         0012FF  00020B  00150A      25FE       0  CODE        2
                text25                         00150A  0002F6  001800      2A14       0  CODE        2
                text33                         001ABA  000007  001AC1      3574       0  CODE        2
                text4                          001AC1  000007  001AC8      3582       0  CODE        2
                clrtext                        001AC8  000008  001AD0      3590       0  CODE        2
                text7                          001AD0  000009  001AD9      35A0       0  CODE        2
                text6                          001AD9  000009  001AE2      35B2       0  CODE        2
                text39                         001AE2  00000B  001AED      35C4       0  CODE        2
                text26                         001AED  00000B  001AF8      35DA       0  CODE        2
                text3                          001AF8  00000B  001B03      35F0       0  CODE        2
                text41                         001B03  00000C  001B0F      3606       0  CODE        2
                text29                         001B0F  00000D  001B1C      361E       0  CODE        2
                text32                         001B1C  00000F  001B2B      3638       0  CODE        2
                text8                          001B2B  000010  001B3B      3656       0  CODE        2
                text31                         001B3B  000012  001B4D      3676       0  CODE        2
                text14                         001B4D  000012  001B5F      369A       0  CODE        2
                text5                          001B5F  000014  001B73      36BE       0  CODE        2
                text1                          001B73  000016  001B89      36E6       0  CODE        2
                maintext                       001B89  00001D  001BA6      3712       0  CODE        2
                text40                         001BA6  000021  001BC7      374C       0  CODE        2
                text24                         001BC7  000024  001BEB      378E       0  CODE        2
                text20                         001BEB  000025  001C10      37D6       0  CODE        2
                text37                         001C10  000027  001C37      3820       0  CODE        2
                text16                         001C37  00003A  001C71      386E       0  CODE        2
                text17                         001C71  000044  001CB5      38E2       0  CODE        2
                text28                         001CB5  00004E  001D03      396A       0  CODE        2
                text21                         001D03  000054  001D57      3A06       0  CODE        2
                text12                         001D57  000059  001DB0      3AAE       0  CODE        2
                text2                          001DB0  000062  001E12      3B60       0  CODE        2
                text22                         001E12  000066  001E78      3C24       0  CODE        2
                text13                         001E78  000067  001EDF      3CF0       0  CODE        2
                text23                         001EDF  00008E  001F6D      3DBE       0  CODE        2
                text34                         001F6D  000093  002000      3EDA       0  CODE        2


UNUSED ADDRESS RANGES

        Name                Unused          Largest block    Delta
        BANK1            00EE-00EF              2           1
        BANK2            0110-016F             60           1
        BANK3            01B7-01EF             39           1
        CODE             0003-0003              1           2
                         07FD-0802              3
                         10B6-10B9              4
                         1800-1AB9            2BA
        CONST            0003-0003              1           2
                         07FD-0802              3
                         10B6-10B9              4
                         1800-1AB9            100
        EEDATA           2100-21FF            100           2
        ENTRY            0003-0003              1           2
                         07FD-0802              3
                         10B6-10B9              4
                         1800-1AB9            100
        RAM              00EE-00EF              2           1
                         0110-016F             60
                         01B7-01EF             39
        SFR0             0000-001F             20           1
        SFR1             0080-009F             20           1
        SFR2             0100-010F             10           1
        SFR3             0180-018F             10           1
        STRCODE          0003-0003              1           2
                         07FD-0802              6
                         10B6-10B9              4
                         1800-1AB9            2BA
        STRING           0003-0003              1           2
                         07FD-0802              3
                         10B6-10B9              4
                         1800-1AB9            100

                                  Symbol Table

?__Umul8_16                  cstackCOMMON 0070
?___awdiv                    cstackCOMMON 0076
?___awmod                    cstackCOMMON 0070
?___fladd                    cstackBANK1  00A0
?___fldiv                    cstackBANK0  0020
?___flmul                    cstackBANK0  003A
?___flneg                    cstackCOMMON 0070
?___flsub                    cstackBANK1  00B0
?___fltol                    cstackBANK0  0067
?___lldiv                    cstackCOMMON 0070
?___llmod                    cstackCOMMON 0070
?___lwdiv                    cstackCOMMON 0075
?___lwmod                    cstackCOMMON 0070
?___wmul                     cstackCOMMON 0070
?___xxtofl                   cstackCOMMON 0070
?__div_to_l_                 cstackCOMMON 0070
?__tdiv_to_l_                cstackCOMMON 0070
?_calDistance                cstackBANK0  0054
?_fround                     cstackBANK0  0054
?_getDistance                cstackCOMMON 0070
?_scale                      cstackBANK0  0054
?_sprintf                    cstackBANK1  00B8
UARTsendChar@c               cstackCOMMON 0070
UARTsendString@i             cstackCOMMON 0072
UARTsendString@str           cstackCOMMON 0074
_BRGH                        (abs)        04C2
_CCP1CON                     (abs)        0017
_CCP1IE                      (abs)        0462
_CCP1IF                      (abs)        0062
_CCP1M0                      (abs)        00B8
_CCP1M1                      (abs)        00B9
_CCP1M2                      (abs)        00BA
_CCP1M3                      (abs)        00BB
_CCPR1                       (abs)        0015
_CREN                        (abs)        00C4
_GIE                         (abs)        005F
_ISR                         text9        10BA
_PEIE                        (abs)        005E
_PS0                         (abs)        0408
_PS1                         (abs)        0409
_PS2                         (abs)        040A
_PSA                         (abs)        040B
_RCIE                        (abs)        0465
_RCREG                       (abs)        001A
_RD0                         (abs)        0040
_RX9                         (abs)        00C6
_SPBRG                       (abs)        0099
_SPEN                        (abs)        00C7
_SYNC                        (abs)        04C4
_T0CS                        (abs)        040D
_T0SE                        (abs)        040C
_T1CKPS0                     (abs)        0084
_T1CKPS1                     (abs)        0085
_TMR0                        (abs)        0001
_TMR0IE                      (abs)        005D
_TMR0IF                      (abs)        005A
_TMR1                        (abs)        000E
_TMR1CS                      (abs)        0081
_TMR1ON                      (abs)        0080
_TRISA4                      (abs)        042C
_TRISC2                      (abs)        043A
_TRISC6                      (abs)        043E
_TRISC7                      (abs)        043F
_TRISD0                      (abs)        0440
_TRMT                        (abs)        04C1
_TX9                         (abs)        04C6
_TXEN                        (abs)        04C5
_TXREG                       (abs)        0019
_UARTTransInit               text8        1B2B
_UARTsendChar                text41       1B03
_UARTsendString              text40       1BA6
__H__absolute__              __absolute__ 0000
__Habs1                      abs1         0000
__Hbank0                     bank0        0000
__Hbank1                     bank1        0000
__Hbank2                     bank2        0000
__Hbank3                     bank3        0000
__HbssBANK0                  bssBANK0     0000
__HbssBANK1                  bssBANK1     0000
__HbssBANK3                  bssBANK3     0000
__Hcinit                     cinit        002E
__Hclrtext                   clrtext      0000
__Hcode                      code         0000
__Hcommon                    common       0000
__Hconfig                    config       2008
__HcstackBANK0               cstackBANK0  0000
__HcstackBANK1               cstackBANK1  0000
__HcstackBANK3               cstackBANK3  0000
__HcstackCOMMON              cstackCOMMON 0000
__Heeprom_data               eeprom_data  0000
__Hend_init                  end_init     0015
__Hfunctab                   functab      0000
__Hidloc                     idloc        2004
__Hinit                      init         0012
__Hintentry                  intentry     0012
__Hmaintext                  maintext     0000
__Hpowerup                   powerup      0000
__Hram                       ram          0000
__Hreset_vec                 reset_vec    0003
__Hsfr0                      sfr0         0000
__Hsfr1                      sfr1         0000
__Hsfr2                      sfr2         0000
__Hsfr3                      sfr3         0000
__Hspace_0                   (abs)        2000
__Hspace_1                   (abs)        01B7
__Hspace_2                   (abs)        0000
__Hspace_3                   (abs)        0000
__Hspace_4                   (abs)        400F
__Hstack                     stack        0000
__Hstrings                   strings      0000
__Htext                      text         0000
__L__absolute__              __absolute__ 0000
__Labs1                      abs1         0000
__Lbank0                     bank0        0000
__Lbank1                     bank1        0000
__Lbank2                     bank2        0000
__Lbank3                     bank3        0000
__LbssBANK0                  bssBANK0     0000
__LbssBANK1                  bssBANK1     0000
__LbssBANK3                  bssBANK3     0000
__Lcinit                     cinit        0015
__Lclrtext                   clrtext      0000
__Lcode                      code         0000
__Lcommon                    common       0000
__Lconfig                    config       0000
__LcstackBANK0               cstackBANK0  0000
__LcstackBANK1               cstackBANK1  0000
__LcstackBANK3               cstackBANK3  0000
__LcstackCOMMON              cstackCOMMON 0000
__Leeprom_data               eeprom_data  0000
__Lend_init                  end_init     0012
__Lfunctab                   functab      0000
__Lidloc                     idloc        0000
__Linit                      init         0012
__Lintentry                  intentry     0004
__Lmaintext                  maintext     0000
__Lpowerup                   powerup      0000
__Lram                       ram          0000
__Lreset_vec                 reset_vec    0000
__Lsfr0                      sfr0         0000
__Lsfr1                      sfr1         0000
__Lsfr2                      sfr2         0000
__Lsfr3                      sfr3         0000
__Lspace_0                   (abs)        0000
__Lspace_1                   (abs)        0000
__Lspace_2                   (abs)        0000
__Lspace_3                   (abs)        0000
__Lspace_4                   (abs)        0000
__Lstack                     stack        0000
__Lstrings                   strings      0000
__Ltext                      text         0000
__S0                         (abs)        2000
__S1                         (abs)        01B7
__S3                         (abs)        0000
__Umul8_16                   text37       1C10
__Umul8_16@multiplicand      cstackCOMMON 0070
__Umul8_16@multiplier        cstackCOMMON 0078
__Umul8_16@product           cstackCOMMON 0074
__Umul8_16@word_mpld         cstackCOMMON 0076
___awdiv                     text13       1E78
___awdiv@counter             cstackCOMMON 007A
___awdiv@dividend            cstackCOMMON 0078
___awdiv@divisor             cstackCOMMON 0076
___awdiv@quotient            cstackCOMMON 007C
___awdiv@sign                cstackCOMMON 007B
___awmod                     text12       1D57
___awmod@counter             cstackCOMMON 0074
___awmod@dividend            cstackCOMMON 0072
___awmod@divisor             cstackCOMMON 0070
___awmod@sign                cstackCOMMON 0075
___fladd                     text25       150A
___fladd@a                   cstackBANK1  00A4
___fladd@aexp                cstackBANK0  0069
___fladd@b                   cstackBANK1  00A0
___fladd@bexp                cstackBANK0  006A
___fladd@grs                 cstackBANK0  006B
___fladd@signs               cstackBANK0  0068
___fldiv                     text38       1130
___fldiv@a                   cstackBANK0  0020
___fldiv@aexp                cstackBANK0  0039
___fldiv@b                   cstackBANK0  0024
___fldiv@bexp                cstackBANK0  0038
___fldiv@grs                 cstackBANK0  0034
___fldiv@new_exp             cstackBANK0  0032
___fldiv@rem                 cstackBANK0  002D
___fldiv@sign                cstackBANK0  0031
___fleq                      text28       1CB5
___fleq@ff1                  cstackCOMMON 0070
___fleq@ff2                  cstackCOMMON 0074
___flge                      text27       0803
___flge@ff1                  cstackCOMMON 0070
___flge@ff2                  cstackCOMMON 0074
___flmul                     text36       095C
___flmul@a                   cstackBANK0  003E
___flmul@aexp                cstackBANK0  0048
___flmul@b                   cstackBANK0  003A
___flmul@bexp                cstackBANK0  004D
___flmul@grs                 cstackBANK0  0049
___flmul@prod                cstackBANK0  004E
___flmul@sign                cstackBANK0  0047
___flmul@temp                cstackBANK0  0052
___flneg                     text26       1AED
___flneg@f1                  cstackCOMMON 0070
___flsub                     text24       1BC7
___flsub@a                   cstackBANK1  00B0
___flsub@b                   cstackBANK1  00B4
___fltol                     text23       1EDF
___fltol@exp1                cstackBANK1  00A1
___fltol@f1                  cstackBANK0  0067
___fltol@sign1               cstackBANK1  00A0
___int_sp                    stack        0000
___latbits                   (abs)        0002
___lldiv                     text22       1E12
___lldiv@counter             cstackCOMMON 007D
___lldiv@dividend            cstackCOMMON 0074
___lldiv@divisor             cstackCOMMON 0070
___lldiv@quotient            cstackCOMMON 0079
___llmod                     text21       1D03
___llmod@counter             cstackCOMMON 0079
___llmod@dividend            cstackCOMMON 0074
___llmod@divisor             cstackCOMMON 0070
___lwdiv                     text17       1C71
___lwdiv@counter             cstackCOMMON 007B
___lwdiv@dividend            cstackCOMMON 0077
___lwdiv@divisor             cstackCOMMON 0075
___lwdiv@quotient            cstackCOMMON 0079
___lwmod                     text16       1C37
___lwmod@counter             cstackCOMMON 0074
___lwmod@dividend            cstackCOMMON 0072
___lwmod@divisor             cstackCOMMON 0070
___sp                        stack        0000
___stackhi                   (abs)        0000
___stacklo                   (abs)        0000
___wmul                      text20       1BEB
___wmul@multiplicand         cstackCOMMON 0072
___wmul@multiplier           cstackCOMMON 0070
___wmul@product              cstackCOMMON 0074
___xxtofl                    text35       06F5
___xxtofl@arg                cstackCOMMON 007A
___xxtofl@exp                cstackCOMMON 0079
___xxtofl@sign               cstackCOMMON 0078
___xxtofl@val                cstackCOMMON 0070
__div_to_l_                  text19       063D
__div_to_l_@cntr             cstackBANK0  0024
__div_to_l_@exp1             cstackBANK0  0025
__div_to_l_@f1               cstackCOMMON 0070
__div_to_l_@f2               cstackCOMMON 0074
__div_to_l_@quot             cstackBANK0  0020
__end_of_ISR                 text9        1130
__end_of_UARTTransInit       text8        1B3B
__end_of_UARTsendChar        text41       1B0F
__end_of_UARTsendString      text40       1BC7
__end_of__Umul8_16           text37       1C37
__end_of___awdiv             text13       1EDF
__end_of___awmod             text12       1DB0
__end_of___fladd             text25       1800
__end_of___fldiv             text38       12FF
__end_of___fleq              text28       1D03
__end_of___flge              text27       08A5
__end_of___flmul             text36       0CA1
__end_of___flneg             text26       1AF8
__end_of___flsub             text24       1BEB
__end_of___fltol             text23       1F6D
__end_of___lldiv             text22       1E78
__end_of___llmod             text21       1D57
__end_of___lwdiv             text17       1CB5
__end_of___lwmod             text16       1C71
__end_of___wmul              text20       1C10
__end_of___xxtofl            text35       07AD
__end_of__div_to_l_          text19       06F5
__end_of__initialization     cinit        002A
__end_of__npowers_           strings      106E
__end_of__powers_            strings      103A
__end_of__stringtab          strings      1006
__end_of__tdiv_to_l_         text18       095C
__end_of_calDistance         text34       2000
__end_of_captureRisingInit   text5        1B73
__end_of_ccp1InterruptInit   text7        1AD9
__end_of_changeModeFalling   text32       1B2B
__end_of_changeModeRising    text31       1B4D
__end_of_disableCCP1         text33       1AC1
__end_of_dpowers             strings      1096
__end_of_fround              text15       150A
__end_of_getDistance         text39       1AED
__end_of_hcsr04Distance      text30       07FD
__end_of_hcsr04Init          text3        1B03
__end_of_hcsr04Trigger       text29       1B1C
__end_of_isdigit             text14       1B5F
__end_of_main                maintext     1BA6
__end_of_scale               text11       1000
__end_of_sprintf             text10       063D
__end_of_timer0SetPrescaler  text2        1E12
__end_of_timer0TimerInit     text1        1B89
__end_of_timer1Init          text6        1AE2
__end_of_trigConfig          text4        1AC8
__initialization             cinit        0015
__npowers_                   strings      103A
__pbssBANK0                  bssBANK0     006F
__pbssBANK1                  bssBANK1     00DF
__pbssBANK3                  bssBANK3     0190
__pcstackBANK0               cstackBANK0  0020
__pcstackBANK1               cstackBANK1  00A0
__pcstackBANK3               cstackBANK3  01B3
__pcstackCOMMON              cstackCOMMON 0070
__pintentry                  intentry     0004
__pmaintext                  maintext     1B89
__powers_                    strings      1006
__pstrings                   strings      1000
__ptext1                     text1        1B73
__ptext10                    text10       002E
__ptext11                    text11       0CA1
__ptext12                    text12       1D57
__ptext13                    text13       1E78
__ptext14                    text14       1B4D
__ptext15                    text15       12FF
__ptext16                    text16       1C37
__ptext17                    text17       1C71
__ptext18                    text18       08A5
__ptext19                    text19       063D
__ptext2                     text2        1DB0
__ptext20                    text20       1BEB
__ptext21                    text21       1D03
__ptext22                    text22       1E12
__ptext23                    text23       1EDF
__ptext24                    text24       1BC7
__ptext25                    text25       150A
__ptext26                    text26       1AED
__ptext27                    text27       0803
__ptext28                    text28       1CB5
__ptext29                    text29       1B0F
__ptext3                     text3        1AF8
__ptext30                    text30       07AD
__ptext31                    text31       1B3B
__ptext32                    text32       1B1C
__ptext33                    text33       1ABA
__ptext34                    text34       1F6D
__ptext35                    text35       06F5
__ptext36                    text36       095C
__ptext37                    text37       1C10
__ptext38                    text38       1130
__ptext39                    text39       1AE2
__ptext4                     text4        1AC1
__ptext40                    text40       1BA6
__ptext41                    text41       1B03
__ptext5                     text5        1B5F
__ptext6                     text6        1AD9
__ptext7                     text7        1AD0
__ptext8                     text8        1B2B
__ptext9                     text9        10BA
__stringbase                 strings      1005
__stringtab                  strings      1000
__tdiv_to_l_                 text18       08A5
__tdiv_to_l_@cntr            cstackBANK0  0024
__tdiv_to_l_@exp1            cstackBANK0  0025
__tdiv_to_l_@f1              cstackCOMMON 0070
__tdiv_to_l_@f2              cstackCOMMON 0074
__tdiv_to_l_@quot            cstackBANK0  0020
_calDistance                 text34       1F6D
_calDistance$932             cstackBANK0  0058
_captureRisingInit           text5        1B5F
_ccp1InterruptInit           text7        1AD0
_changeModeFalling           text32       1B1C
_changeModeRising            text31       1B3B
_count                       bssBANK1     00ED
_disableCCP1                 text33       1ABA
_dist                        bssBANK1     00DF
_dpowers                     strings      106E
_fallT2                      bssBANK1     00EB
_fround                      text15       12FF
_fround$927                  cstackBANK0  0063
_fround$928                  cstackBANK0  005F
_getDistance                 text39       1AE2
_hcsr04Distance              text30       07AD
_hcsr04Init                  text3        1AF8
_hcsr04Trigger               text29       1B0F
_hcsr04_distance             bssBANK1     00E3
_hcsr04_state                bssBANK0     006F
_isdigit                     text14       1B4D
_isdigit$719                 cstackCOMMON 0070
_main                        maintext     1B89
_riseT1                      bssBANK1     00E9
_scale                       text11       0CA1
_scale$929                   cstackBANK0  0062
_send_buff                   bssBANK3     0190
_sprintf                     text10       002E
_sprintf$930                 cstackBANK1  00C2
_timer0SetPrescaler          text2        1DB0
_timer0TimerInit             text1        1B73
_timer1Init                  text6        1AD9
_trigConfig                  text4        1AC1
_uart_str_idx                bssBANK1     00E7
btemp                        (abs)        007E
calDistance@distance         cstackBANK0  0060
calDistance@time             cstackBANK0  005C
clear_ram0                   clrtext      1AC8
end_of_initialization        cinit        002A
fround@prec                  cstackBANK0  0067
interrupt_function           intentry     0004
intlevel0                    functab      0000
intlevel1                    functab      0000
intlevel2                    functab      0000
intlevel3                    functab      0000
intlevel4                    functab      0000
intlevel5                    functab      0000
isdigit@c                    cstackCOMMON 0071
reset_vec                    reset_vec    0000
saved_w                      (abs)        007E
scale@scl                    cstackBANK0  0066
sprintf@ap                   cstackBANK1  00C6
sprintf@c                    cstackBANK1  00DA
sprintf@eexp                 cstackBANK1  00CD
sprintf@f                    cstackBANK1  00B8
sprintf@flag                 cstackBANK1  00C7
sprintf@fval                 cstackBANK1  00D6
sprintf@prec                 cstackBANK1  00D4
sprintf@sp                   cstackBANK1  00CF
sprintf@tmpval               cstackBANK1  00D0
sprintf@val                  cstackBANK1  00C9
start                        init         0012
start_initialization         cinit        0015
timer0SetPrescaler@prescaler cstackBANK3  01B3
timer0TimerInit@prescaler    cstackBANK3  01B5
wtemp0                       (abs)        007E


MODULE INFORMATION

Module		Function		Class		Link	Load	Size
C:\Program Files\Microchip\xc8\v2.41\pic\sources\c90\common\sprcmul.c
		___flmul       		CODE           	095C	0000	837

C:\Program Files\Microchip\xc8\v2.41\pic\sources\c90\common\sprcmul.c estimated size: 837

C:\Program Files\Microchip\xc8\v2.41\pic\sources\c90\common\flge.c
		___flge        		CODE           	0803	0000	162

C:\Program Files\Microchip\xc8\v2.41\pic\sources\c90\common\flge.c estimated size: 162

C:\Program Files\Microchip\xc8\v2.41\pic\sources\c90\common\sprcdiv.c
		___fldiv       		CODE           	1130	0000	463

C:\Program Files\Microchip\xc8\v2.41\pic\sources\c90\common\sprcdiv.c estimated size: 463

C:\Program Files\Microchip\xc8\v2.41\pic\sources\c90\common\ftdivl.c
		__tdiv_to_l_   		CODE           	08A5	0000	183

C:\Program Files\Microchip\xc8\v2.41\pic\sources\c90\common\ftdivl.c estimated size: 183

C:\Program Files\Microchip\xc8\v2.41\pic\sources\c90\common\Umul16.c
		___wmul        		CODE           	1BEB	0000	37

C:\Program Files\Microchip\xc8\v2.41\pic\sources\c90\common\Umul16.c estimated size: 37

C:\Program Files\Microchip\xc8\v2.41\pic\sources\c90\common\lwdiv.c
		___lwdiv       		CODE           	1C71	0000	68

C:\Program Files\Microchip\xc8\v2.41\pic\sources\c90\common\lwdiv.c estimated size: 68

C:\Program Files\Microchip\xc8\v2.41\pic\sources\c90\common\awdiv.c
		___awdiv       		CODE           	1E78	0000	103

C:\Program Files\Microchip\xc8\v2.41\pic\sources\c90\common\awdiv.c estimated size: 103

C:\Program Files\Microchip\xc8\v2.41\pic\sources\c90\common\fltol.c
		___fltol       		CODE           	1EDF	0000	142

C:\Program Files\Microchip\xc8\v2.41\pic\sources\c90\common\fltol.c estimated size: 142

C:\Program Files\Microchip\xc8\v2.41\pic\sources\c90\common\__lldiv.c
		___lldiv       		CODE           	1E12	0000	102

C:\Program Files\Microchip\xc8\v2.41\pic\sources\c90\common\__lldiv.c estimated size: 102

C:\Program Files\Microchip\xc8\v2.41\pic\sources\c90\common\isdigit.c
		_isdigit       		CODE           	1B4D	0000	18

C:\Program Files\Microchip\xc8\v2.41\pic\sources\c90\common\isdigit.c estimated size: 18

C:\Program Files\Microchip\xc8\v2.41\pic\sources\c90\common\sprcadd.c
		___flsub       		CODE           	1BC7	0000	36
		___fladd       		CODE           	150A	0000	758

C:\Program Files\Microchip\xc8\v2.41\pic\sources\c90\common\sprcadd.c estimated size: 794

PIC16F877A_HCSR04.c
		_hcsr04Trigger 		CODE           	1B0F	0000	13
		_calDistance   		CODE           	1F6D	0000	147
		_hcsr04Distance		CODE           	07AD	0000	80
		_hcsr04Init    		CODE           	1AF8	0000	11
		_trigConfig    		CODE           	1AC1	0000	7
		_getDistance   		CODE           	1AE2	0000	11

PIC16F877A_HCSR04.c estimated size: 269

C:\Program Files\Microchip\xc8\v2.41\pic\sources\c90\common\fldivl.c
		__div_to_l_    		CODE           	063D	0000	184

C:\Program Files\Microchip\xc8\v2.41\pic\sources\c90\common\fldivl.c estimated size: 184

C:\Program Files\Microchip\xc8\v2.41\pic\sources\c90\common\fleq.c
		___fleq        		CODE           	1CB5	0000	78

C:\Program Files\Microchip\xc8\v2.41\pic\sources\c90\common\fleq.c estimated size: 78

PIC16F877A_input_capture.c
		_captureRisingInit		CODE           	1B5F	0000	20
		_disableCCP1   		CODE           	1ABA	0000	7
		_changeModeRising		CODE           	1B3B	0000	18
		_timer1Init    		CODE           	1AD9	0000	9
		_changeModeFalling		CODE           	1B1C	0000	15
		_ccp1InterruptInit		CODE           	1AD0	0000	9

PIC16F877A_input_capture.c estimated size: 78

C:\Program Files\Microchip\xc8\v2.41\pic\sources\c90\common\xxtofl.c
		___xxtofl      		CODE           	06F5	0000	184

C:\Program Files\Microchip\xc8\v2.41\pic\sources\c90\common\xxtofl.c estimated size: 184

C:\Program Files\Microchip\xc8\v2.41\pic\sources\c90\common\flneg.c
		___flneg       		CODE           	1AED	0000	11

C:\Program Files\Microchip\xc8\v2.41\pic\sources\c90\common\flneg.c estimated size: 11

shared
		__stringtab    		STRING         	1000	0000	6
		__powers_      		STRING         	1006	0000	52
		_dpowers       		STRING         	106E	0000	40
		__npowers_     		STRING         	103A	0000	52
		__initialization		CODE           	0015	0000	21

shared estimated size: 171

PIC16F877A_timer0.c
		_timer0TimerInit		CODE           	1B73	0000	22
		_timer0SetPrescaler		CODE           	1DB0	0000	98

PIC16F877A_timer0.c estimated size: 120

C:\Program Files\Microchip\xc8\v2.41\pic\sources\c90\common\Umul8_16.c
		__Umul8_16     		CODE           	1C10	0000	39

C:\Program Files\Microchip\xc8\v2.41\pic\sources\c90\common\Umul8_16.c estimated size: 39

PIC16F877A_UART.c
		_UARTsendChar  		CODE           	1B03	0000	12
		_UARTsendString		CODE           	1BA6	0000	33
		_UARTTransInit 		CODE           	1B2B	0000	16

PIC16F877A_UART.c estimated size: 61

PIC16F877A_HCSR04_capture.c
		_ISR           		CODE           	10BA	0000	118
		_main          		CODE           	1B89	0000	29

PIC16F877A_HCSR04_capture.c estimated size: 147

C:\Program Files\Microchip\xc8\v2.41\pic\sources\c90\common\doprnt.c
		_scale         		CODE           	0CA1	0000	863
		_sprintf       		CODE           	002E	0000	1551
		_fround        		CODE           	12FF	0000	523

C:\Program Files\Microchip\xc8\v2.41\pic\sources\c90\common\doprnt.c estimated size: 2937

C:\Program Files\Microchip\xc8\v2.41\pic\sources\c90\common\lwmod.c
		___lwmod       		CODE           	1C37	0000	58

C:\Program Files\Microchip\xc8\v2.41\pic\sources\c90\common\lwmod.c estimated size: 58

C:\Program Files\Microchip\xc8\v2.41\pic\sources\c90\common\awmod.c
		___awmod       		CODE           	1D57	0000	89

C:\Program Files\Microchip\xc8\v2.41\pic\sources\c90\common\awmod.c estimated size: 89

C:\Program Files\Microchip\xc8\v2.41\pic\sources\c90\common\llmod.c
		___llmod       		CODE           	1D03	0000	84

C:\Program Files\Microchip\xc8\v2.41\pic\sources\c90\common\llmod.c estimated size: 84

