Microchip MPLAB XC8 Compiler V2.41

Linker command line:

-W-3 \
  --edf=C:\Program Files\Microchip\xc8\v2.41\pic\dat\20230208172133_en.msgs \
  -cn -h+dist/default/production\PIC16F877A_HCSR04_capture.X.production.sym \
  --cmf=dist/default/production\PIC16F877A_HCSR04_capture.X.production.cmf \
  -z -Q16F877A -oC:\Users\84935\AppData\Local\Temp\xcAs43k.\driver_tmp_3.o \
  --defsym=__MPLAB_BUILD=1 --fixupoverflow=error \
  -Mdist/default/production/PIC16F877A_HCSR04_capture.X.production.map \
  --md=C:\Users\84935\AppData\Local\Temp\xcAs43k.\driver_tmp_0.dat -E1 \
  -ver=XC8 Compiler --acfsm=1493 -ACODE=00h-07FFhx4 -ASTRCODE=00h-01FFFh \
  -ASTRING=00h-0FFhx32 -ACONST=00h-0FFhx32 -AENTRY=00h-0FFhx32 \
  -ACOMMON=070h-07Fh -ABANK0=020h-06Fh -ABANK1=0A0h-0EFh \
  -ABANK2=0110h-016Fh -ABANK3=0190h-01EFh \
  -ARAM=020h-06Fh,0A0h-0EFh,0110h-016Fh,0190h-01EFh \
  -AABS1=020h-07Fh,0A0h-0EFh,0110h-016Fh,0190h-01EFh -ASFR0=00h-01Fh \
  -ASFR1=080h-09Fh -ASFR2=0100h-010Fh -ASFR3=0180h-018Fh \
  -ACONFIG=02007h-02007h -DCONFIG=2 -AIDLOC=02000h-02003h -DIDLOC=2 \
  -AEEDATA=00h-0FFh/02100h -peeprom_data=EEDATA -DEEDATA=2 -DCODE=2 \
  -DSTRCODE=2 -DSTRING=2 -DCONST=2 -DENTRY=2 \
  -preset_vec=00h,intentry=04h,init,end_init -ppowerup=CODE -pcinit=CODE \
  -pfunctab=ENTRY -k \
  C:\Users\84935\AppData\Local\Temp\xcAs43k.\driver_tmp_17.o \
  dist/default/production\PIC16F877A_HCSR04_capture.X.production.o 

Object code version is 3.11

Machine type is 16F877A



                Name                               Link     Load   Length Selector   Space Scale
C:\Users\84935\AppData\Local\Temp\xcAs43k.\driver_tmp_17.o
                end_init                             12       12        3        8       0
                reset_vec                             0        0        3        0       0
                config                             2007     2007        1        0       4
                idloc                              2000     2000        4        0       5
dist/default/production\PIC16F877A_HCSR04_capture.X.production.o
                cinit                                15       15       16        8       0
                intentry                              4        4        E        8       0
                config                             2007     2007        1        0       4
                idloc                              2000     2000        4        0       5
                text41                             1A97     1A97        C     352E       0
                text40                             1B3A     1B3A       21     3674       0
                text39                             1A76     1A76        B     34EC       0
                text38                             10E2     10E2      1CF     21C4       0
                text37                             10BB     10BB       27     2176       0
                text36                              95C      95C      345     12B8       0
                text35                              702      702       B8        8       0
                text34                             1E88     1E88       74     3D10       0
                text33                             1A4E     1A4E        7     349C       0
                text32                             1AB0     1AB0        F     3560       0
                text31                             1ACF     1ACF       12     359E       0
                text30                             1C58     1C58       54     38B0       0
                text29                             1AA3     1AA3        D     3546       0
                text28                             1BBA     1BBA       4E     3774       0
                text27                              803      803       A2     1006       0
                text26                             1A81     1A81        B     3502       0
                text25                             14BC     14BC      344     2978       0
                text24                             1C08     1C08       50     3810       0
                text23                             1F72     1F72       8E     3EE4       0
                text22                             1DBB     1DBB       66     3B76       0
                text21                             1CAC     1CAC       54     3958       0
                text20                             1B5B     1B5B       25     36B6       0
                text19                              64A      64A       B8        8       0
                text18                              8A5      8A5       B7     114A       0
                text17                              7BA      7BA       44        8       0
                text16                             1B80     1B80       3A     3700       0
                text15                             12B1     12B1      20B     2562       0
                text14                             1AE1     1AE1       12     35C2       0
                text13                             1E21     1E21       67     3C42       0
                text12                             1D00     1D00       59     3A00       0
                text11                              CA1      CA1      35F     1942       0
                text10                               2B       2B      61F        8       0
                text9                              1EFC     1EFC       76     3DF8       0
                text8                              1ABF     1ABF       10     357E       0
                text7                              1A64     1A64        9     34C8       0
                text6                              1A6D     1A6D        9     34DA       0
                text5                              1AF3     1AF3       14     35E6       0
                text4                              1A55     1A55        7     34AA       0
                text3                              1A8C     1A8C        B     3518       0
                text2                              1D59     1D59       62     3AB2       0
                text1                              1B07     1B07       16     360E       0
                maintext                           1B1D     1B1D       1D     363A       0
                cstackBANK0                          20       20       50       20       1
                cstackCOMMON                         70       70        E       70       1
                cstackBANK1                          A0       A0       3B       A0       1
                cstackBANK3                         1B3      1B3        4      190       1
                clrtext                            1A5C     1A5C        8     34B8       0
                bssBANK3                            190      190       23      190       1
                bssBANK1                             DB       DB       10       A0       1
                strings                            1000     1000       B5     2000       0

TOTAL           Name                               Link     Load   Length     Space
        CLASS   CODE           
                end_init                             12       12        3         0
                cinit                                15       15       16         0
                intentry                              4        4        E         0
                reset_vec                             0        0        3         0
                text41                             1A97     1A97        C         0
                text40                             1B3A     1B3A       21         0
                text39                             1A76     1A76        B         0
                text38                             10E2     10E2      1CF         0
                text37                             10BB     10BB       27         0
                text36                              95C      95C      345         0
                text35                              702      702       B8         0
                text34                             1E88     1E88       74         0
                text33                             1A4E     1A4E        7         0
                text32                             1AB0     1AB0        F         0
                text31                             1ACF     1ACF       12         0
                text30                             1C58     1C58       54         0
                text29                             1AA3     1AA3        D         0
                text28                             1BBA     1BBA       4E         0
                text27                              803      803       A2         0
                text26                             1A81     1A81        B         0
                text25                             14BC     14BC      344         0
                text24                             1C08     1C08       50         0
                text23                             1F72     1F72       8E         0
                text22                             1DBB     1DBB       66         0
                text21                             1CAC     1CAC       54         0
                text20                             1B5B     1B5B       25         0
                text19                              64A      64A       B8         0
                text18                              8A5      8A5       B7         0
                text17                              7BA      7BA       44         0
                text16                             1B80     1B80       3A         0
                text15                             12B1     12B1      20B         0
                text14                             1AE1     1AE1       12         0
                text13                             1E21     1E21       67         0
                text12                             1D00     1D00       59         0
                text11                              CA1      CA1      35F         0
                text10                               2B       2B      61F         0
                text9                              1EFC     1EFC       76         0
                text8                              1ABF     1ABF       10         0
                text7                              1A64     1A64        9         0
                text6                              1A6D     1A6D        9         0
                text5                              1AF3     1AF3       14         0
                text4                              1A55     1A55        7         0
                text3                              1A8C     1A8C        B         0
                text2                              1D59     1D59       62         0
                text1                              1B07     1B07       16         0
                maintext                           1B1D     1B1D       1D         0
                clrtext                            1A5C     1A5C        8         0

        CLASS   STRCODE        

        CLASS   STRING         
                strings                            1000     1000       B5         0

        CLASS   CONST          

        CLASS   ENTRY          

        CLASS   COMMON         
                cstackCOMMON                         70       70        E         1

        CLASS   BANK0          
                cstackBANK0                          20       20       50         1

        CLASS   BANK1          
                cstackBANK1                          A0       A0       3B         1
                bssBANK1                             DB       DB       10         1

        CLASS   BANK2          

        CLASS   BANK3          
                cstackBANK3                         1B3      1B3        4         1
                bssBANK3                            190      190       23         1

        CLASS   RAM            

        CLASS   ABS1           
                abs_s1                               7E       7E        2         1

        CLASS   SFR0           

        CLASS   SFR1           

        CLASS   SFR2           

        CLASS   SFR3           

        CLASS   CONFIG         
                config                             2007     2007        1         4

        CLASS   IDLOC          
                idloc                              2000     2000        4         5

        CLASS   EEDATA         

        CLASS   STACK          



SEGMENTS        Name                           Load    Length   Top    Selector   Space  Class     Delta

                reset_vec                      000000  000003  000003         0       0  CODE        2
                intentry                       000004  0007FA  0007FE         8       0  CODE        2
                cstackBANK0                    000020  000050  000070        20       1  BANK0       1
                cstackCOMMON                   000070  00000E  00007E        70       1  COMMON      1
                cstackBANK1                    0000A0  00004B  0000EB        A0       1  BANK1       1
                bssBANK3                       000190  000027  0001B7       190       1  BANK3       1
                text27                         000803  0000A2  0008A5      1006       0  CODE        2
                text18                         0008A5  0000B7  00095C      114A       0  CODE        2
                text36                         00095C  000345  000CA1      12B8       0  CODE        2
                text11                         000CA1  00035F  001000      1942       0  CODE        2
                strings                        001000  0000B5  0010B5      2000       0  STRING      2
                text37                         0010BB  000027  0010E2      2176       0  CODE        2
                text38                         0010E2  0001CF  0012B1      21C4       0  CODE        2
                text15                         0012B1  00020B  0014BC      2562       0  CODE        2
                text25                         0014BC  000344  001800      2978       0  CODE        2
                text33                         001A4E  000007  001A55      349C       0  CODE        2
                text4                          001A55  000007  001A5C      34AA       0  CODE        2
                clrtext                        001A5C  000008  001A64      34B8       0  CODE        2
                text7                          001A64  000009  001A6D      34C8       0  CODE        2
                text6                          001A6D  000009  001A76      34DA       0  CODE        2
                text39                         001A76  00000B  001A81      34EC       0  CODE        2
                text26                         001A81  00000B  001A8C      3502       0  CODE        2
                text3                          001A8C  00000B  001A97      3518       0  CODE        2
                text41                         001A97  00000C  001AA3      352E       0  CODE        2
                text29                         001AA3  00000D  001AB0      3546       0  CODE        2
                text32                         001AB0  00000F  001ABF      3560       0  CODE        2
                text8                          001ABF  000010  001ACF      357E       0  CODE        2
                text31                         001ACF  000012  001AE1      359E       0  CODE        2
                text14                         001AE1  000012  001AF3      35C2       0  CODE        2
                text5                          001AF3  000014  001B07      35E6       0  CODE        2
                text1                          001B07  000016  001B1D      360E       0  CODE        2
                maintext                       001B1D  00001D  001B3A      363A       0  CODE        2
                text40                         001B3A  000021  001B5B      3674       0  CODE        2
                text20                         001B5B  000025  001B80      36B6       0  CODE        2
                text16                         001B80  00003A  001BBA      3700       0  CODE        2
                text28                         001BBA  00004E  001C08      3774       0  CODE        2
                text24                         001C08  000050  001C58      3810       0  CODE        2
                text30                         001C58  000054  001CAC      38B0       0  CODE        2
                text21                         001CAC  000054  001D00      3958       0  CODE        2
                text12                         001D00  000059  001D59      3A00       0  CODE        2
                text2                          001D59  000062  001DBB      3AB2       0  CODE        2
                text22                         001DBB  000066  001E21      3B76       0  CODE        2
                text13                         001E21  000067  001E88      3C42       0  CODE        2
                text34                         001E88  000074  001EFC      3D10       0  CODE        2
                text9                          001EFC  000076  001F72      3DF8       0  CODE        2
                text23                         001F72  00008E  002000      3EE4       0  CODE        2


UNUSED ADDRESS RANGES

        Name                Unused          Largest block    Delta
        BANK1            00EB-00EF              5           1
        BANK2            0110-016F             60           1
        BANK3            01B7-01EF             39           1
        CODE             0003-0003              1           2
                         07FE-0802              2
                         10B5-10BA              6
                         1800-1A4D            24E
        CONST            0003-0003              1           2
                         07FE-0802              2
                         10B5-10BA              6
                         1800-1A4D            100
        EEDATA           2100-21FF            100           2
        ENTRY            0003-0003              1           2
                         07FE-0802              2
                         10B5-10BA              6
                         1800-1A4D            100
        RAM              00EB-00EF              5           1
                         0110-016F             60
                         01B7-01EF             39
        SFR0             0000-001F             20           1
        SFR1             0080-009F             20           1
        SFR2             0100-010F             10           1
        SFR3             0180-018F             10           1
        STRCODE          0003-0003              1           2
                         07FE-0802              5
                         10B5-10BA              6
                         1800-1A4D            24E
        STRING           0003-0003              1           2
                         07FE-0802              2
                         10B5-10BA              6
                         1800-1A4D            100

                                  Symbol Table

?__Umul8_16                  cstackCOMMON 0070
?___awdiv                    cstackCOMMON 0076
?___awmod                    cstackCOMMON 0070
?___fladd                    cstackBANK0  0068
?___fldiv                    cstackBANK0  0020
?___flmul                    cstackBANK0  003A
?___flneg                    cstackCOMMON 0070
?___flsub                    cstackBANK1  00AC
?___fltol                    cstackBANK0  0067
?___lldiv                    cstackCOMMON 0070
?___llmod                    cstackCOMMON 0070
?___lwdiv                    cstackCOMMON 0075
?___lwmod                    cstackCOMMON 0070
?___wmul                     cstackCOMMON 0070
?___xxtofl                   cstackCOMMON 0070
?__div_to_l_                 cstackCOMMON 0070
?__tdiv_to_l_                cstackCOMMON 0070
?_calDistance                cstackBANK0  0054
?_fround                     cstackBANK0  0054
?_getDistance                cstackCOMMON 0070
?_scale                      cstackBANK0  0054
?_sprintf                    cstackBANK1  00B4
UARTsendChar@c               cstackCOMMON 0070
UARTsendString@i             cstackCOMMON 0072
UARTsendString@str           cstackCOMMON 0074
_BRGH                        (abs)        04C2
_CCP1CON                     (abs)        0017
_CCP1IE                      (abs)        0462
_CCP1IF                      (abs)        0062
_CCP1M0                      (abs)        00B8
_CCP1M1                      (abs)        00B9
_CCP1M2                      (abs)        00BA
_CCP1M3                      (abs)        00BB
_CCPR1                       (abs)        0015
_CREN                        (abs)        00C4
_GIE                         (abs)        005F
_ISR                         text9        1EFC
_PEIE                        (abs)        005E
_PS0                         (abs)        0408
_PS1                         (abs)        0409
_PS2                         (abs)        040A
_PSA                         (abs)        040B
_RCIE                        (abs)        0465
_RCREG                       (abs)        001A
_RD0                         (abs)        0040
_RX9                         (abs)        00C6
_SPBRG                       (abs)        0099
_SPEN                        (abs)        00C7
_SYNC                        (abs)        04C4
_T0CS                        (abs)        040D
_T0SE                        (abs)        040C
_T1CKPS0                     (abs)        0084
_T1CKPS1                     (abs)        0085
_TMR0                        (abs)        0001
_TMR0IE                      (abs)        005D
_TMR0IF                      (abs)        005A
_TMR1                        (abs)        000E
_TMR1CS                      (abs)        0081
_TMR1ON                      (abs)        0080
_TRISA4                      (abs)        042C
_TRISC2                      (abs)        043A
_TRISC6                      (abs)        043E
_TRISC7                      (abs)        043F
_TRISD0                      (abs)        0440
_TRMT                        (abs)        04C1
_TX9                         (abs)        04C6
_TXEN                        (abs)        04C5
_TXREG                       (abs)        0019
_UARTTransInit               text8        1ABF
_UARTsendChar                text41       1A97
_UARTsendString              text40       1B3A
__H__absolute__              __absolute__ 0000
__Habs1                      abs1         0000
__Hbank0                     bank0        0000
__Hbank1                     bank1        0000
__Hbank2                     bank2        0000
__Hbank3                     bank3        0000
__HbssBANK1                  bssBANK1     0000
__HbssBANK3                  bssBANK3     0000
__Hcinit                     cinit        002B
__Hclrtext                   clrtext      0000
__Hcode                      code         0000
__Hcommon                    common       0000
__Hconfig                    config       2008
__HcstackBANK0               cstackBANK0  0000
__HcstackBANK1               cstackBANK1  0000
__HcstackBANK3               cstackBANK3  0000
__HcstackCOMMON              cstackCOMMON 0000
__Heeprom_data               eeprom_data  0000
__Hend_init                  end_init     0015
__Hfunctab                   functab      0000
__Hidloc                     idloc        2004
__Hinit                      init         0012
__Hintentry                  intentry     0012
__Hmaintext                  maintext     0000
__Hpowerup                   powerup      0000
__Hram                       ram          0000
__Hreset_vec                 reset_vec    0003
__Hsfr0                      sfr0         0000
__Hsfr1                      sfr1         0000
__Hsfr2                      sfr2         0000
__Hsfr3                      sfr3         0000
__Hspace_0                   (abs)        2000
__Hspace_1                   (abs)        01B7
__Hspace_2                   (abs)        0000
__Hspace_3                   (abs)        0000
__Hspace_4                   (abs)        400F
__Hstack                     stack        0000
__Hstrings                   strings      0000
__Htext                      text         0000
__L__absolute__              __absolute__ 0000
__Labs1                      abs1         0000
__Lbank0                     bank0        0000
__Lbank1                     bank1        0000
__Lbank2                     bank2        0000
__Lbank3                     bank3        0000
__LbssBANK1                  bssBANK1     0000
__LbssBANK3                  bssBANK3     0000
__Lcinit                     cinit        0015
__Lclrtext                   clrtext      0000
__Lcode                      code         0000
__Lcommon                    common       0000
__Lconfig                    config       0000
__LcstackBANK0               cstackBANK0  0000
__LcstackBANK1               cstackBANK1  0000
__LcstackBANK3               cstackBANK3  0000
__LcstackCOMMON              cstackCOMMON 0000
__Leeprom_data               eeprom_data  0000
__Lend_init                  end_init     0012
__Lfunctab                   functab      0000
__Lidloc                     idloc        0000
__Linit                      init         0012
__Lintentry                  intentry     0004
__Lmaintext                  maintext     0000
__Lpowerup                   powerup      0000
__Lram                       ram          0000
__Lreset_vec                 reset_vec    0000
__Lsfr0                      sfr0         0000
__Lsfr1                      sfr1         0000
__Lsfr2                      sfr2         0000
__Lsfr3                      sfr3         0000
__Lspace_0                   (abs)        0000
__Lspace_1                   (abs)        0000
__Lspace_2                   (abs)        0000
__Lspace_3                   (abs)        0000
__Lspace_4                   (abs)        0000
__Lstack                     stack        0000
__Lstrings                   strings      0000
__Ltext                      text         0000
__S0                         (abs)        2000
__S1                         (abs)        01B7
__S3                         (abs)        0000
__Umul8_16                   text37       10BB
__Umul8_16@multiplicand      cstackCOMMON 0070
__Umul8_16@multiplier        cstackCOMMON 0078
__Umul8_16@product           cstackCOMMON 0074
__Umul8_16@word_mpld         cstackCOMMON 0076
___awdiv                     text13       1E21
___awdiv@counter             cstackCOMMON 007A
___awdiv@dividend            cstackCOMMON 0078
___awdiv@divisor             cstackCOMMON 0076
___awdiv@quotient            cstackCOMMON 007C
___awdiv@sign                cstackCOMMON 007B
___awmod                     text12       1D00
___awmod@counter             cstackCOMMON 0074
___awmod@dividend            cstackCOMMON 0072
___awmod@divisor             cstackCOMMON 0070
___awmod@sign                cstackCOMMON 0075
___fladd                     text25       14BC
___fladd@a                   cstackBANK0  006C
___fladd@aexp                cstackBANK1  00A9
___fladd@b                   cstackBANK0  0068
___fladd@bexp                cstackBANK1  00AA
___fladd@grs                 cstackBANK1  00AB
___fladd@signs               cstackBANK1  00A8
___fldiv                     text38       10E2
___fldiv@a                   cstackBANK0  0020
___fldiv@aexp                cstackBANK0  0039
___fldiv@b                   cstackBANK0  0024
___fldiv@bexp                cstackBANK0  0038
___fldiv@grs                 cstackBANK0  0034
___fldiv@new_exp             cstackBANK0  0032
___fldiv@rem                 cstackBANK0  002D
___fldiv@sign                cstackBANK0  0031
___fleq                      text28       1BBA
___fleq@ff1                  cstackCOMMON 0070
___fleq@ff2                  cstackCOMMON 0074
___flge                      text27       0803
___flge@ff1                  cstackCOMMON 0070
___flge@ff2                  cstackCOMMON 0074
___flmul                     text36       095C
___flmul@a                   cstackBANK0  003E
___flmul@aexp                cstackBANK0  004C
___flmul@b                   cstackBANK0  003A
___flmul@bexp                cstackBANK0  004D
___flmul@grs                 cstackBANK0  0048
___flmul@prod                cstackBANK0  004E
___flmul@sign                cstackBANK0  0047
___flmul@temp                cstackBANK0  0052
___flneg                     text26       1A81
___flneg@f1                  cstackCOMMON 0070
___flsub                     text24       1C08
___flsub@a                   cstackBANK1  00AC
___flsub@b                   cstackBANK1  00B0
___fltol                     text23       1F72
___fltol@exp1                cstackBANK1  00A1
___fltol@f1                  cstackBANK0  0067
___fltol@sign1               cstackBANK1  00A0
___int_sp                    stack        0000
___latbits                   (abs)        0002
___lldiv                     text22       1DBB
___lldiv@counter             cstackCOMMON 007D
___lldiv@dividend            cstackCOMMON 0074
___lldiv@divisor             cstackCOMMON 0070
___lldiv@quotient            cstackCOMMON 0079
___llmod                     text21       1CAC
___llmod@counter             cstackCOMMON 0079
___llmod@dividend            cstackCOMMON 0074
___llmod@divisor             cstackCOMMON 0070
___lwdiv                     text17       07BA
___lwdiv@counter             cstackCOMMON 007B
___lwdiv@dividend            cstackCOMMON 0077
___lwdiv@divisor             cstackCOMMON 0075
___lwdiv@quotient            cstackCOMMON 0079
___lwmod                     text16       1B80
___lwmod@counter             cstackCOMMON 0074
___lwmod@dividend            cstackCOMMON 0072
___lwmod@divisor             cstackCOMMON 0070
___sp                        stack        0000
___stackhi                   (abs)        0000
___stacklo                   (abs)        0000
___wmul                      text20       1B5B
___wmul@multiplicand         cstackCOMMON 0072
___wmul@multiplier           cstackCOMMON 0070
___wmul@product              cstackCOMMON 0074
___xxtofl                    text35       0702
___xxtofl@arg                cstackCOMMON 007A
___xxtofl@exp                cstackCOMMON 0079
___xxtofl@sign               cstackCOMMON 0078
___xxtofl@val                cstackCOMMON 0070
__div_to_l_                  text19       064A
__div_to_l_@cntr             cstackBANK0  0024
__div_to_l_@exp1             cstackBANK0  0025
__div_to_l_@f1               cstackCOMMON 0070
__div_to_l_@f2               cstackCOMMON 0074
__div_to_l_@quot             cstackBANK0  0020
__end_of_ISR                 text9        1F72
__end_of_UARTTransInit       text8        1ACF
__end_of_UARTsendChar        text41       1AA3
__end_of_UARTsendString      text40       1B5B
__end_of__Umul8_16           text37       10E2
__end_of___awdiv             text13       1E88
__end_of___awmod             text12       1D59
__end_of___fladd             text25       1800
__end_of___fldiv             text38       12B1
__end_of___fleq              text28       1C08
__end_of___flge              text27       08A5
__end_of___flmul             text36       0CA1
__end_of___flneg             text26       1A8C
__end_of___flsub             text24       1C58
__end_of___fltol             text23       2000
__end_of___lldiv             text22       1E21
__end_of___llmod             text21       1D00
__end_of___lwdiv             text17       07FE
__end_of___lwmod             text16       1BBA
__end_of___wmul              text20       1B80
__end_of___xxtofl            text35       07BA
__end_of__div_to_l_          text19       0702
__end_of__initialization     cinit        0027
__end_of__npowers_           strings      106E
__end_of__powers_            strings      103A
__end_of__stringtab          strings      1006
__end_of__tdiv_to_l_         text18       095C
__end_of_calDistance         text34       1EFC
__end_of_captureRisingInit   text5        1B07
__end_of_ccp1InterruptInit   text7        1A6D
__end_of_changeModeFalling   text32       1ABF
__end_of_changeModeRising    text31       1AE1
__end_of_disableCCP1         text33       1A55
__end_of_dpowers             strings      1096
__end_of_fround              text15       14BC
__end_of_getDistance         text39       1A81
__end_of_hcsr04Distance      text30       1CAC
__end_of_hcsr04Init          text3        1A97
__end_of_hcsr04Trigger       text29       1AB0
__end_of_isdigit             text14       1AF3
__end_of_main                maintext     1B3A
__end_of_scale               text11       1000
__end_of_sprintf             text10       064A
__end_of_timer0SetPrescaler  text2        1DBB
__end_of_timer0TimerInit     text1        1B1D
__end_of_timer1Init          text6        1A76
__end_of_trigConfig          text4        1A5C
__initialization             cinit        0015
__npowers_                   strings      103A
__pbssBANK1                  bssBANK1     00DB
__pbssBANK3                  bssBANK3     0190
__pcstackBANK0               cstackBANK0  0020
__pcstackBANK1               cstackBANK1  00A0
__pcstackBANK3               cstackBANK3  01B3
__pcstackCOMMON              cstackCOMMON 0070
__pintentry                  intentry     0004
__pmaintext                  maintext     1B1D
__powers_                    strings      1006
__pstrings                   strings      1000
__ptext1                     text1        1B07
__ptext10                    text10       002B
__ptext11                    text11       0CA1
__ptext12                    text12       1D00
__ptext13                    text13       1E21
__ptext14                    text14       1AE1
__ptext15                    text15       12B1
__ptext16                    text16       1B80
__ptext17                    text17       07BA
__ptext18                    text18       08A5
__ptext19                    text19       064A
__ptext2                     text2        1D59
__ptext20                    text20       1B5B
__ptext21                    text21       1CAC
__ptext22                    text22       1DBB
__ptext23                    text23       1F72
__ptext24                    text24       1C08
__ptext25                    text25       14BC
__ptext26                    text26       1A81
__ptext27                    text27       0803
__ptext28                    text28       1BBA
__ptext29                    text29       1AA3
__ptext3                     text3        1A8C
__ptext30                    text30       1C58
__ptext31                    text31       1ACF
__ptext32                    text32       1AB0
__ptext33                    text33       1A4E
__ptext34                    text34       1E88
__ptext35                    text35       0702
__ptext36                    text36       095C
__ptext37                    text37       10BB
__ptext38                    text38       10E2
__ptext39                    text39       1A76
__ptext4                     text4        1A55
__ptext40                    text40       1B3A
__ptext41                    text41       1A97
__ptext5                     text5        1AF3
__ptext6                     text6        1A6D
__ptext7                     text7        1A64
__ptext8                     text8        1ABF
__ptext9                     text9        1EFC
__stringbase                 strings      1005
__stringtab                  strings      1000
__tdiv_to_l_                 text18       08A5
__tdiv_to_l_@cntr            cstackBANK0  0024
__tdiv_to_l_@exp1            cstackBANK0  0025
__tdiv_to_l_@f1              cstackCOMMON 0070
__tdiv_to_l_@f2              cstackCOMMON 0074
__tdiv_to_l_@quot            cstackBANK0  0020
_calDistance                 text34       1E88
_captureRisingInit           text5        1AF3
_ccp1InterruptInit           text7        1A64
_changeModeFalling           text32       1AB0
_changeModeRising            text31       1ACF
_count                       bssBANK1     00E9
_disableCCP1                 text33       1A4E
_dist                        bssBANK1     00DB
_dpowers                     strings      106E
_fallT2                      bssBANK1     00E5
_fround                      text15       12B1
_fround$931                  cstackBANK0  0063
_fround$932                  cstackBANK0  005F
_getDistance                 text39       1A76
_hcsr04Distance              text30       1C58
_hcsr04Init                  text3        1A8C
_hcsr04Trigger               text29       1AA3
_hcsr04_distance             bssBANK1     00DF
_hcsr04_state                bssBANK1     00EA
_isdigit                     text14       1AE1
_isdigit$723                 cstackCOMMON 0070
_main                        maintext     1B1D
_riseT1                      bssBANK1     00E7
_scale                       text11       0CA1
_scale$933                   cstackBANK0  0062
_send_buff                   bssBANK3     0190
_sprintf                     text10       002B
_sprintf$934                 cstackBANK1  00BE
_timer0SetPrescaler          text2        1D59
_timer0TimerInit             text1        1B07
_timer1Init                  text6        1A6D
_trigConfig                  text4        1A55
_uart_str_idx                bssBANK1     00E3
btemp                        (abs)        007E
calDistance@distance         cstackBANK0  005C
calDistance@time             cstackBANK0  0058
clear_ram0                   clrtext      1A5C
end_of_initialization        cinit        0027
fround@prec                  cstackBANK0  0067
interrupt_function           intentry     0004
intlevel0                    functab      0000
intlevel1                    functab      0000
intlevel2                    functab      0000
intlevel3                    functab      0000
intlevel4                    functab      0000
intlevel5                    functab      0000
isdigit@c                    cstackCOMMON 0071
reset_vec                    reset_vec    0000
saved_w                      (abs)        007E
scale@scl                    cstackBANK0  0066
sprintf@ap                   cstackBANK1  00C2
sprintf@c                    cstackBANK1  00D6
sprintf@eexp                 cstackBANK1  00C9
sprintf@f                    cstackBANK1  00B4
sprintf@flag                 cstackBANK1  00C3
sprintf@fval                 cstackBANK1  00D2
sprintf@prec                 cstackBANK1  00D0
sprintf@sp                   cstackBANK1  00CF
sprintf@tmpval               cstackBANK1  00CB
sprintf@val                  cstackBANK1  00C5
start                        init         0012
start_initialization         cinit        0015
timer0SetPrescaler@prescaler cstackBANK3  01B3
timer0TimerInit@prescaler    cstackBANK3  01B5
wtemp0                       (abs)        007E


MODULE INFORMATION

Module		Function		Class		Link	Load	Size
C:\Program Files\Microchip\xc8\v2.41\pic\sources\c90\common\sprcmul.c
		___flmul       		CODE           	095C	0000	837

C:\Program Files\Microchip\xc8\v2.41\pic\sources\c90\common\sprcmul.c estimated size: 837

C:\Program Files\Microchip\xc8\v2.41\pic\sources\c90\common\flge.c
		___flge        		CODE           	0803	0000	162

C:\Program Files\Microchip\xc8\v2.41\pic\sources\c90\common\flge.c estimated size: 162

C:\Program Files\Microchip\xc8\v2.41\pic\sources\c90\common\sprcdiv.c
		___fldiv       		CODE           	10E2	0000	463

C:\Program Files\Microchip\xc8\v2.41\pic\sources\c90\common\sprcdiv.c estimated size: 463

C:\Program Files\Microchip\xc8\v2.41\pic\sources\c90\common\ftdivl.c
		__tdiv_to_l_   		CODE           	08A5	0000	183

C:\Program Files\Microchip\xc8\v2.41\pic\sources\c90\common\ftdivl.c estimated size: 183

C:\Program Files\Microchip\xc8\v2.41\pic\sources\c90\common\Umul16.c
		___wmul        		CODE           	1B5B	0000	37

C:\Program Files\Microchip\xc8\v2.41\pic\sources\c90\common\Umul16.c estimated size: 37

C:\Program Files\Microchip\xc8\v2.41\pic\sources\c90\common\lwdiv.c
		___lwdiv       		CODE           	07BA	0000	68

C:\Program Files\Microchip\xc8\v2.41\pic\sources\c90\common\lwdiv.c estimated size: 68

C:\Program Files\Microchip\xc8\v2.41\pic\sources\c90\common\awdiv.c
		___awdiv       		CODE           	1E21	0000	103

C:\Program Files\Microchip\xc8\v2.41\pic\sources\c90\common\awdiv.c estimated size: 103

C:\Program Files\Microchip\xc8\v2.41\pic\sources\c90\common\fltol.c
		___fltol       		CODE           	1F72	0000	142

C:\Program Files\Microchip\xc8\v2.41\pic\sources\c90\common\fltol.c estimated size: 142

C:\Program Files\Microchip\xc8\v2.41\pic\sources\c90\common\__lldiv.c
		___lldiv       		CODE           	1DBB	0000	102

C:\Program Files\Microchip\xc8\v2.41\pic\sources\c90\common\__lldiv.c estimated size: 102

C:\Program Files\Microchip\xc8\v2.41\pic\sources\c90\common\isdigit.c
		_isdigit       		CODE           	1AE1	0000	18

C:\Program Files\Microchip\xc8\v2.41\pic\sources\c90\common\isdigit.c estimated size: 18

C:\Program Files\Microchip\xc8\v2.41\pic\sources\c90\common\sprcadd.c
		___flsub       		CODE           	1C08	0000	80
		___fladd       		CODE           	14BC	0000	836

C:\Program Files\Microchip\xc8\v2.41\pic\sources\c90\common\sprcadd.c estimated size: 916

PIC16F877A_HCSR04.c
		_hcsr04Trigger 		CODE           	1AA3	0000	13
		_calDistance   		CODE           	1E88	0000	116
		_hcsr04Distance		CODE           	1C58	0000	84
		_hcsr04Init    		CODE           	1A8C	0000	11
		_trigConfig    		CODE           	1A55	0000	7
		_getDistance   		CODE           	1A76	0000	11

PIC16F877A_HCSR04.c estimated size: 242

C:\Program Files\Microchip\xc8\v2.41\pic\sources\c90\common\fldivl.c
		__div_to_l_    		CODE           	064A	0000	184

C:\Program Files\Microchip\xc8\v2.41\pic\sources\c90\common\fldivl.c estimated size: 184

C:\Program Files\Microchip\xc8\v2.41\pic\sources\c90\common\fleq.c
		___fleq        		CODE           	1BBA	0000	78

C:\Program Files\Microchip\xc8\v2.41\pic\sources\c90\common\fleq.c estimated size: 78

PIC16F877A_input_capture.c
		_captureRisingInit		CODE           	1AF3	0000	20
		_disableCCP1   		CODE           	1A4E	0000	7
		_changeModeRising		CODE           	1ACF	0000	18
		_timer1Init    		CODE           	1A6D	0000	9
		_changeModeFalling		CODE           	1AB0	0000	15
		_ccp1InterruptInit		CODE           	1A64	0000	9

PIC16F877A_input_capture.c estimated size: 78

C:\Program Files\Microchip\xc8\v2.41\pic\sources\c90\common\xxtofl.c
		___xxtofl      		CODE           	0702	0000	184

C:\Program Files\Microchip\xc8\v2.41\pic\sources\c90\common\xxtofl.c estimated size: 184

C:\Program Files\Microchip\xc8\v2.41\pic\sources\c90\common\flneg.c
		___flneg       		CODE           	1A81	0000	11

C:\Program Files\Microchip\xc8\v2.41\pic\sources\c90\common\flneg.c estimated size: 11

shared
		__stringtab    		STRING         	1000	0000	6
		__powers_      		STRING         	1006	0000	52
		_dpowers       		STRING         	106E	0000	40
		__npowers_     		STRING         	103A	0000	52
		__initialization		CODE           	0015	0000	18

shared estimated size: 168

PIC16F877A_timer0.c
		_timer0TimerInit		CODE           	1B07	0000	22
		_timer0SetPrescaler		CODE           	1D59	0000	98

PIC16F877A_timer0.c estimated size: 120

C:\Program Files\Microchip\xc8\v2.41\pic\sources\c90\common\Umul8_16.c
		__Umul8_16     		CODE           	10BB	0000	39

C:\Program Files\Microchip\xc8\v2.41\pic\sources\c90\common\Umul8_16.c estimated size: 39

PIC16F877A_UART.c
		_UARTsendChar  		CODE           	1A97	0000	12
		_UARTsendString		CODE           	1B3A	0000	33
		_UARTTransInit 		CODE           	1ABF	0000	16

PIC16F877A_UART.c estimated size: 61

PIC16F877A_HCSR04_capture.c
		_ISR           		CODE           	1EFC	0000	118
		_main          		CODE           	1B1D	0000	29

PIC16F877A_HCSR04_capture.c estimated size: 147

C:\Program Files\Microchip\xc8\v2.41\pic\sources\c90\common\doprnt.c
		_scale         		CODE           	0CA1	0000	863
		_sprintf       		CODE           	002B	0000	1567
		_fround        		CODE           	12B1	0000	523

C:\Program Files\Microchip\xc8\v2.41\pic\sources\c90\common\doprnt.c estimated size: 2953

C:\Program Files\Microchip\xc8\v2.41\pic\sources\c90\common\lwmod.c
		___lwmod       		CODE           	1B80	0000	58

C:\Program Files\Microchip\xc8\v2.41\pic\sources\c90\common\lwmod.c estimated size: 58

C:\Program Files\Microchip\xc8\v2.41\pic\sources\c90\common\awmod.c
		___awmod       		CODE           	1D00	0000	89

C:\Program Files\Microchip\xc8\v2.41\pic\sources\c90\common\awmod.c estimated size: 89

C:\Program Files\Microchip\xc8\v2.41\pic\sources\c90\common\llmod.c
		___llmod       		CODE           	1CAC	0000	84

C:\Program Files\Microchip\xc8\v2.41\pic\sources\c90\common\llmod.c estimated size: 84

